// Vitest Snapshot v1, https://vitest.dev/guide/snapshot.html

exports[`LinkButton > mounts 1`] = `"<a data-v-c2a26f37=\\"\\" href=\\"/\\" class=\\"link-button\\">My Link</a>"`;
