// Vitest Snapshot v1, https://vitest.dev/guide/snapshot.html

exports[`SearchResultCard.vue > mounts 1`] = `
"<div data-v-cd13f5f7="" class="search-result">
  <div data-v-cd13f5f7="" aria-label="View info about &quot;Margarita&quot;" class="search-result__image-wrapper" role="button" tabindex="0">
    <div data-v-35e45732="" data-v-cd13f5f7="" class="search-result__image">
      <div data-v-35e45732="" class="lazy-image__fallback"><svg data-v-35e45732="" viewBox="0 0 24 24" aria-hidden="true" class="w-5 h-5">
          <path d="M7.5,7L5.5,5H18.5L16.5,7M11,13V19H6V21H18V19H13V13L21,5V3H3V5L11,13Z" class="transition-all"></path>
        </svg></div>
    </div>
    <div data-v-cd13f5f7="" class="search-result__shadow">Margarita</div>
  </div><button data-v-634d56d3="" data-v-cd13f5f7="" aria-label="Add &quot;Margarita&quot; to Selection" class="add-cocktail-0 action-button"><svg data-v-634d56d3="" viewBox="0 0 24 24" aria-hidden="true" class="w-5 h-5">
      <path d="M19,13H13V19H11V13H5V11H11V5H13V11H19V13Z" class="transition-all"></path>
    </svg></button>
</div>"
`;
