// Vitest Snapshot v1, https://vitest.dev/guide/snapshot.html

exports[`SearchView > renders correctly 1`] = `
"<transition-stub data-v-418939cb=\\"\\" appear=\\"false\\" persisted=\\"false\\" css=\\"true\\">
  <!--v-if-->
</transition-stub>
<main class=\\"flex-1\\"><label data-v-b87fbe66=\\"\\" for=\\"search-box\\" class=\\"block text-center text-3xl mt-4 mb-4\\">Search for Recipes</label>
  <div data-v-b87fbe66=\\"\\" class=\\"flex justify-center divide-x mb-4\\"><input data-v-b87fbe66=\\"\\" id=\\"search-box\\" type=\\"search\\" maxlength=\\"20\\" class=\\"rounded-tr-none rounded-br-none pb-1\\"><button data-v-b87fbe66=\\"\\" class=\\"rounded-tl-none rounded-bl-none\\"><svg data-v-b87fbe66=\\"\\" viewBox=\\"0 0 24 24\\" aria-hidden=\\"true\\" class=\\"w-5 h-5\\">
        <path d=\\"M9.5,3A6.5,6.5 0 0,1 16,9.5C16,11.11 15.41,12.59 14.44,13.73L14.71,14H15.5L20.5,19L19,20.5L14,15.5V14.71L13.73,14.44C12.59,15.41 11.11,16 9.5,16A6.5,6.5 0 0,1 3,9.5A6.5,6.5 0 0,1 9.5,3M9.5,5C7,5 5,7 5,9.5C5,12 7,14 9.5,14C12,14 14,12 14,9.5C14,7 12,5 9.5,5Z\\" class=\\"transition-all ease-in-out\\"></path>
      </svg><span data-v-b87fbe66=\\"\\">Search</span></button></div>
  <ul data-v-b87fbe66=\\"\\" class=\\"flex flex-wrap justify-center\\" aria-label=\\"Recipe Categories\\">
    <li data-v-b87fbe66=\\"\\" class=\\"inline\\"><a data-v-b87fbe66=\\"\\" href=\\"/search?tag=gin\\" class=\\"flex items-center link-button\\">Gin</a></li>
    <li data-v-b87fbe66=\\"\\" class=\\"inline\\"><a data-v-b87fbe66=\\"\\" href=\\"/search?tag=rum\\" class=\\"flex items-center link-button\\">Rum</a></li>
    <li data-v-b87fbe66=\\"\\" class=\\"inline\\"><a data-v-b87fbe66=\\"\\" href=\\"/search?tag=vodka\\" class=\\"flex items-center link-button\\">Vodka</a></li>
    <li data-v-b87fbe66=\\"\\" class=\\"inline\\"><a data-v-b87fbe66=\\"\\" href=\\"/search?tag=whiskey\\" class=\\"flex items-center link-button\\">Whiskey</a></li>
    <li data-v-b87fbe66=\\"\\" class=\\"inline\\"><a data-v-b87fbe66=\\"\\" href=\\"/search?tag=virgin\\" class=\\"flex items-center link-button\\">Virgin</a></li>
    <li data-v-b87fbe66=\\"\\"><button data-v-b87fbe66=\\"\\"><svg data-v-b87fbe66=\\"\\" viewBox=\\"0 0 24 24\\" aria-hidden=\\"true\\" class=\\"w-5 h-5\\">
          <path d=\\"M12,11.18C15.3,8.18 17,6.64 17,4.69C17,3.19 15.75,2 14.25,2C13.39,2 12.57,2.36 12,3C11.43,2.36 10.61,2 9.69,2C8.19,2 7,3.25 7,4.75C7,6.64 8.7,8.18 12,11.18M11.18,12C8.18,8.7 6.64,7 4.69,7C3.19,7 2,8.25 2,9.75C2,10.61 2.36,11.43 3,12C2.36,12.57 2,13.39 2,14.31C2,15.81 3.25,17 4.75,17C6.64,17 8.18,15.3 11.18,12M12.83,12C15.82,15.3 17.36,17 19.31,17C20.81,17 22,15.75 22,14.25C22,13.39 21.64,12.57 21,12C21.64,11.43 22,10.61 22,9.69C22,8.19 20.75,7 19.25,7C17.36,7 15.82,8.7 12.83,12M12,12.82C8.7,15.82 7,17.36 7,19.31C7,20.81 8.25,22 9.75,22C10.61,22 11.43,21.64 12,21C12.57,21.64 13.39,22 14.31,22C15.81,22 17,20.75 17,19.25C17,17.36 15.3,15.82 12,12.82Z\\" class=\\"transition-all ease-in-out\\"></path>
        </svg><span data-v-b87fbe66=\\"\\">I'm Feeling Lucky</span></button></li>
  </ul>
  <h1>Results (0)</h1>
  <ul class=\\"flex flex-auto flex-wrap gap-6 content-start justify-center\\"></ul>
</main>"
`;
